
PC@DESKTOP-1LLS3SG MINGW64 ~/Documents/Programming/Udemy
$ cd 'c:/Users/PC/Documents/Programming/Udemy/Git, Github and Version Control'

PC@DESKTOP-1LLS3SG MINGW64 ~/Documents/Programming/Udemy/Git, Github and Version Control
$ mkdir Plot

PC@DESKTOP-1LLS3SG MINGW64 ~/Documents/Programming/Udemy/Git, Github and Version Control
$ ls
 Pics/   Plot/  'Section 28'/   Story/

 PC@DESKTOP-1LLS3SG MINGW64 ~/Documents/Programming/Udemy/Git, Github and Version Control
$ cd 'c:/Users/PC/Documents/Programming/Udemy/Git, Github and Version Control/Plot'

PC@DESKTOP-1LLS3SG MINGW64 ~/Documents/Programming/Udemy/Git, Github and Version Control 
$ touch prolouge

PC@DESKTOP-1LLS3SG MINGW64 ~/Documents/Programming/Udemy/Git, Github and Version Control
$ cd 'c:/Users/PC/Documents/Programming/Udemy/Git, Github and Version Control/Plot'

PC@DESKTOP-1LLS3SG MINGW64 ~/Documents/Programming/Udemy/Git, Github and Version Control/Plot
$ git init
Initialized empty Git repository in C:/Users/PC/Documents/Programming/Udemy/Git, Github and Version Control/Plot/.git/

PC@DESKTOP-1LLS3SG MINGW64 ~/Documents/Programming/Udemy/Git, Github and Version Control/Plot (master)
$ ls -a
./  ../  .git/  prolouge

PC@DESKTOP-1LLS3SG MINGW64 ~/Documents/Programming/Udemy/Git, Github and Version Control/Plot (master)
$ git status
On branch master

No commits yet

Untracked files:
  (use "git add <file>..." to include in what will be committed)
        prolouge

nothing added to commit but untracked files present (use "git add" to track)

PC@DESKTOP-1LLS3SG MINGW64 ~/Documents/Programming/Udemy/Git, Github and Version Control/Plot (master)
$ git add prolouge

PC@DESKTOP-1LLS3SG MINGW64 ~/Documents/Programming/Udemy/Git, Github and Version Control/Plot (master)
$ git status
On branch master

No commits yet  

Changes to be committed:
  (use "git rm --cached <file>..." to unstage)
        new file:   prolouge

